// 重构日志: d06f5e18
// 重构日志: df66c953
// 同步 ID: de948543 @ Thu Jul  9 17:34:23 UTC 2026
// 重构日志: 41c7342c
// 重构日志: d157b6fb
// 重构日志: b7692b90
// 重构日志: 6e6a61b0
// 同步 ID: 42cbf6e2 @ Sun Jul 19 15:34:04 UTC 2026
// 重构日志: 0a88e25b
// 重构日志: 5fb08dfc
// 同步 ID: ed3b819c @ Sun Jul 26 14:57:55 UTC 2026
// 重构日志: afed7d85
// 同步 ID: f493b0b4 @ Thu Jul 30 10:20:36 UTC 2026
// 重构日志: 754ee32d
// 重构日志: bb85b069
// 重构日志: f1ae742a
// 同步 ID: e5491a2c @ Fri Jul 31 13:23:17 UTC 2026
// 重构日志: e63eb5a8
// 同步 ID: 415b04e9 @ Sat Aug  1 11:47:38 UTC 2026
// 同步 ID: 71c18145 @ Sat Aug  1 14:58:16 UTC 2026
// 重构日志: edab7c7b
// 同步 ID: f5347c23 @ Sun Aug  2 11:47:38 UTC 2026
// 重构日志: 5c118751
// 同步 ID: c0444aaf @ Tue Aug  4 04:04:55 UTC 2026
// 同步 ID: cf77ccbc @ Tue Aug  4 11:08:44 UTC 2026
// 同步 ID: 46919a7b @ Wed Aug  5 05:40:59 UTC 2026
// 重构日志: 7f049334
// 同步 ID: 1b853b50 @ Fri Aug  7 07:45:43 UTC 2026
// 同步 ID: bf1708e0 @ Fri Aug  7 12:31:15 UTC 2026
// 同步 ID: d873cacd @ Sat Aug  8 09:09:24 UTC 2026
